▲ Next.js 16.3.3 (Turbopack)
- Environments: .env.local
✓ Running next.config.ts took 129ms

  Creating an optimized production build ...
✓ Compiled successfully in 3.5s
  Running TypeScript ...
  Finished TypeScript in 10.0s ...
  Collecting page data using 7 workers ...
  Generating static pages using 7 workers (0/61) ...
  Generating static pages using 7 workers (15/61) 
  Generating static pages using 7 workers (30/61) 
  Generating static pages using 7 workers (45/61) 
✓ Generating static pages using 7 workers (61/61) in 4.0s
  Finalizing page optimization ...

Route (app)
┌ ○ /
├ ○ /_not-found
├ ƒ /api/checkout
├ ƒ /api/frete
├ ƒ /api/webhooks/mercadopago
├ ○ /carrinho
├   /colecoes/[slug]
│ ├ ● /colecoes/indonesia
│ ├ ● /colecoes/islandia
│ └ ● /colecoes/nyc
├ ○ /dicas
├ ○ /fale-conosco
├ ○ /faq
├ ○ /material-qualidade
├ ○ /politica-entrega
├ ○ /politica-privacidade
├   /produtos/[slug]
│ ├ ● /produtos/indonesia-1
│ ├ ● /produtos/indonesia-2
│ ├ ● /produtos/indonesia-3
│ └ ● [+38 more paths]
├ ○ /quem-somos
├ ○ /rastreio
└ ○ /troca-devolucao


○  (Static)   prerendered as static content
●  (SSG)      prerendered as static HTML (uses generateStaticParams)
ƒ  (Dynamic)  server-rendered on demand

